// Jest Snapshot v1, https://goo.gl/fbAQLP

exports[`<FractionInput /> should match snapshot 1`] = `
Array [
  <View
    style={
      Array [
        Object {
          "backgroundColor": "black",
          "shadowColor": "white",
        },
        Object {
          "backgroundColor": "transparent",
          "flex": 1,
        },
      ]
    }
  >
    <View
      style={
        Object {
          "paddingHorizontal": 10,
          "width": "100%",
        }
      }
    >
      <View
        style={
          Object {
            "alignItems": "center",
            "borderBottomWidth": 0,
            "borderColor": "#86939e",
            "flexDirection": "row",
            "transform": Array [
              Object {
                "translateX": 0,
              },
            ],
          }
        }
      >
        <TextInput
          allowFontScaling={true}
          editable={true}
          keyboardAppearance="dark"
          keyboardType="number-pad"
          maxLength={2}
          onChangeText={[Function]}
          placeholder="1"
          placeholderTextColor="#86939e"
          rejectResponderTermination={true}
          style={
            Object {
              "backgroundColor": "transparent",
              "borderRadius": 15,
              "color": "white",
              "flex": 1,
              "fontFamily": "Futura",
              "fontSize": 48,
              "fontWeight": "bold",
              "height": 52,
              "minHeight": 40,
              "textAlign": "center",
            }
          }
          testID="numeratorInput"
          underlineColorAndroid="transparent"
          value="5"
        />
      </View>
      <Text
        style={
          Object {
            "color": "#ff190c",
            "fontSize": 12,
            "margin": 5,
          }
        }
      />
    </View>
    <View
      style={
        Array [
          Object {
            "backgroundColor": "black",
            "shadowColor": "white",
          },
          Object {
            "backgroundColor": "#808080",
            "borderRadius": 15,
            "height": "100%",
            "opacity": 0.5,
            "position": "absolute",
            "width": "100%",
            "zIndex": -10,
          },
        ]
      }
    />
  </View>,
  <View
    style={
      Array [
        Object {
          "backgroundColor": "black",
          "shadowColor": "white",
        },
        Object {
          "backgroundColor": "transparent",
          "height": 52,
          "marginHorizontal": 10,
        },
      ]
    }
  >
    <Text
      style={
        Array [
          Object {
            "color": "white",
            "fontFamily": "Futura",
          },
          Object {
            "fontSize": 48,
            "fontWeight": "bold",
          },
        ]
      }
    >
      /
    </Text>
  </View>,
  <View
    style={
      Array [
        Object {
          "backgroundColor": "black",
          "shadowColor": "white",
        },
        Object {
          "backgroundColor": "transparent",
          "flex": 2,
        },
      ]
    }
  >
    <View
      style={
        Object {
          "paddingHorizontal": 10,
          "width": "100%",
        }
      }
    >
      <View
        style={
          Object {
            "alignItems": "center",
            "borderBottomWidth": 0,
            "borderColor": "#86939e",
            "flexDirection": "row",
            "transform": Array [
              Object {
                "translateX": 0,
              },
            ],
          }
        }
      >
        <TextInput
          allowFontScaling={true}
          editable={true}
          keyboardAppearance="dark"
          keyboardType="number-pad"
          maxLength={3}
          onChangeText={[Function]}
          placeholder="10"
          placeholderTextColor="#86939e"
          rejectResponderTermination={true}
          style={
            Object {
              "backgroundColor": "transparent",
              "borderRadius": 15,
              "color": "white",
              "flex": 1,
              "fontFamily": "Futura",
              "fontSize": 48,
              "fontWeight": "bold",
              "height": 52,
              "minHeight": 40,
              "textAlign": "center",
            }
          }
          testID="denominatorInput"
          underlineColorAndroid="transparent"
          value="1"
        />
      </View>
      <Text
        style={
          Object {
            "color": "#ff190c",
            "fontSize": 12,
            "margin": 5,
          }
        }
      />
    </View>
    <View
      style={
        Array [
          Object {
            "backgroundColor": "black",
            "shadowColor": "white",
          },
          Object {
            "backgroundColor": "#808080",
            "borderRadius": 15,
            "height": "100%",
            "opacity": 0.5,
            "position": "absolute",
            "width": "100%",
            "zIndex": -10,
          },
        ]
      }
    />
  </View>,
  <RNGestureHandlerButton
    collapsable={false}
    exclusive={true}
    onGestureEvent={[Function]}
    onGestureHandlerEvent={[Function]}
    onGestureHandlerStateChange={[Function]}
    onHandlerStateChange={[Function]}
    rippleColor={0}
    style={
      Array [
        Object {
          "backgroundColor": "#E6E6E6",
          "borderColor": "white",
        },
        Object {
          "alignItems": "center",
          "alignSelf": "center",
          "borderRadius": 5,
          "height": 35,
          "justifyContent": "center",
          "marginHorizontal": 10,
          "width": 52,
        },
      ]
    }
  >
    <View
      accessible={true}
      style={
        Object {
          "backgroundColor": "#E6E6E6",
          "borderColor": "white",
          "opacity": 1,
          "shadowColor": "white",
        }
      }
    >
      <Text
        style={
          Array [
            Object {
              "color": "#252525",
              "fontFamily": "Futura",
            },
            Object {
              "fontSize": 18,
              "fontWeight": "bold",
            },
          ]
        }
      >
        BIL
      </Text>
    </View>
  </RNGestureHandlerButton>,
]
`;
