// Jest Snapshot v1, https://goo.gl/fbAQLP

exports[`<PercentInput /> should match snapshot 1`] = `
Array [
  <View
    style={
      Array [
        Object {
          "backgroundColor": "black",
          "shadowColor": "white",
        },
        Object {
          "backgroundColor": "transparent",
          "flex": 1,
        },
      ]
    }
  >
    <View
      style={
        Object {
          "paddingHorizontal": 10,
          "width": "100%",
        }
      }
    >
      <View
        style={
          Object {
            "alignItems": "center",
            "borderBottomWidth": 0,
            "borderColor": "#86939e",
            "flexDirection": "row",
            "transform": Array [
              Object {
                "translateX": 0,
              },
            ],
          }
        }
      >
        <TextInput
          allowFontScaling={true}
          editable={true}
          keyboardAppearance="dark"
          keyboardType="numeric"
          maxLength={10}
          onChangeText={[Function]}
          placeholder="1.0"
          placeholderTextColor="#86939e"
          rejectResponderTermination={true}
          style={
            Object {
              "backgroundColor": "transparent",
              "borderRadius": 15,
              "color": "white",
              "flex": 1,
              "fontFamily": "Futura",
              "fontSize": 48,
              "fontWeight": "bold",
              "height": 52,
              "minHeight": 40,
              "textAlign": "center",
            }
          }
          testID="percentInput"
          underlineColorAndroid="transparent"
          value="25"
        />
      </View>
      <Text
        style={
          Object {
            "color": "#ff190c",
            "fontSize": 12,
            "margin": 5,
          }
        }
      />
    </View>
    <View
      style={
        Array [
          Object {
            "backgroundColor": "black",
            "shadowColor": "white",
          },
          Object {
            "backgroundColor": "#808080",
            "borderRadius": 15,
            "height": "100%",
            "opacity": 0.5,
            "position": "absolute",
            "width": "100%",
            "zIndex": -10,
          },
        ]
      }
    />
  </View>,
  <View
    style={
      Array [
        Object {
          "backgroundColor": "black",
          "shadowColor": "white",
        },
        Object {
          "backgroundColor": "transparent",
          "height": 52,
          "marginLeft": 10,
        },
      ]
    }
  >
    <Text
      style={
        Array [
          Object {
            "color": "white",
            "fontFamily": "Futura",
          },
          Object {
            "fontSize": 48,
            "fontWeight": "bold",
          },
        ]
      }
    >
      %
    </Text>
  </View>,
]
`;
