// Jest Snapshot v1, https://goo.gl/fbAQLP

exports[`<ResetButton /> should match snapshot 1`] = `
<View
  style={
    Array [
      Object {
        "backgroundColor": "black",
        "shadowColor": "white",
      },
      Array [
        Object {
          "bottom": 10,
          "left": 10,
          "position": "absolute",
        },
        Object {
          "opacity": 0.5,
        },
      ],
    ]
  }
  testID="resetWrapper"
>
  <View
    style={
      Array [
        Object {
          "borderRadius": 3,
          "overflow": "hidden",
        },
        Object {
          "borderRadius": 3,
        },
        undefined,
        false,
      ]
    }
  >
    <View
      accessibilityRole="button"
      accessibilityState={
        Object {
          "busy": false,
          "disabled": false,
        }
      }
      accessible={true}
      focusable={true}
      onClick={[Function]}
      onResponderGrant={[Function]}
      onResponderMove={[Function]}
      onResponderRelease={[Function]}
      onResponderTerminate={[Function]}
      onResponderTerminationRequest={[Function]}
      onStartShouldSetResponder={[Function]}
      style={
        Object {
          "opacity": 1,
        }
      }
      testID="resetBtn"
    >
      <View
        style={
          Object {
            "alignItems": "center",
            "backgroundColor": undefined,
            "borderColor": "#2089dc",
            "borderRadius": 3,
            "borderWidth": 0,
            "flexDirection": "row",
            "justifyContent": "center",
            "padding": 8,
          }
        }
      >
        <Text
          style={
            Object {
              "color": "gray",
              "fontFamily": "Futura",
              "fontSize": 18,
              "paddingVertical": 1,
              "textAlign": "center",
            }
          }
        >
          Reset
        </Text>
      </View>
    </View>
  </View>
</View>
`;
