// Jest Snapshot v1, https://goo.gl/fbAQLP

exports[`<LeftSwipe /> should match snapshot 1`] = `
<RNGestureHandlerButton
  collapsable={false}
  exclusive={true}
  onGestureEvent={[Function]}
  onGestureHandlerEvent={[Function]}
  onGestureHandlerStateChange={[Function]}
  onHandlerStateChange={[Function]}
  rippleColor={0}
  style={
    Object {
      "alignItems": "flex-start",
      "backgroundColor": "#325C99",
      "justifyContent": "center",
    }
  }
  testID="leftSwipeBtn"
>
  <View
    accessible={true}
    style={
      Object {
        "opacity": 1,
      }
    }
  >
    <Text
      style={
        Object {
          "color": "white",
          "fontWeight": "600",
          "paddingHorizontal": 30,
          "paddingVertical": 20,
        }
      }
    >
      Share
    </Text>
  </View>
</RNGestureHandlerButton>
`;
